$ cdecl --color
cdecl: "--color/-k" requires an argument
$ cdecl -k
cdecl: "--color/-k" requires an argument
$ cdecl --color=X
cdecl: "X": invalid value for --color/-k; must be always, auto, isatty, never, not_file, not_isreg, tty
$ cdecl -kX
cdecl: "X": invalid value for --color/-k; must be always, auto, isatty, never, not_file, not_isreg, tty
$ cdecl --config
cdecl: "--config/-c" requires an argument
$ cdecl --config=
cdecl: "--config/-c" requires an argument
$ cdecl -c
cdecl: "--config/-c" requires an argument
$ cdecl --digraphs --trigraphs
cdecl: --digraphs/-2 and --trigraphs/-3 are mutually exclusive
$ cdecl -23
cdecl: --digraphs/-2 and --trigraphs/-3 are mutually exclusive
$ cdecl -9
cdecl: '9': invalid option; use --help or -h for help
$ cdecl --debug=X
cdecl: "X": invalid value for --debug/-d; must be [u]+|*|-
$ cdecl -dX
cdecl: "X": invalid value for --debug/-d; must be [u]+|*|-
$ cdecl --explicit-ecsu
cdecl: "--explicit-ecsu/-S" requires an argument
$ cdecl -S
cdecl: "--explicit-ecsu/-S" requires an argument
$ cdecl --explicit-ecsu=X
cdecl: "X": invalid value for --explicit-ecsu/-S; must be [ecsu]+|*|-
$ cdecl -SX
cdecl: "X": invalid value for --explicit-ecsu/-S; must be [ecsu]+|*|-
$ cdecl --explicit-int
cdecl: "--explicit-int/-i" requires an argument
$ cdecl -i
cdecl: "--explicit-int/-i" requires an argument
$ cdecl --explicit-int=X
cdecl: "X": invalid value for --explicit-int/-i; must be i|u|{[u]{i|s|l[l]}[,]}+|*|-
$ cdecl -iX
cdecl: "X": invalid value for --explicit-int/-i; must be i|u|{[u]{i|s|l[l]}[,]}+|*|-
$ cdecl --file
cdecl: "--file/-f" requires an argument
$ cdecl --file=
cdecl: "--file/-f" requires an argument
$ cdecl -f
cdecl: "--file/-f" requires an argument
$ cdecl --lineno
cdecl: "--lineno/-L" requires an argument
$ cdecl -L
cdecl: "--lineno/-L" requires an argument
$ cdecl --lineno=0
cdecl: "0": invalid value for --lineno/-L; must be in range 1-65535
$ cdecl -L0
cdecl: "0": invalid value for --lineno/-L; must be in range 1-65535
$ cdecl --lineno=X
cdecl: "X": invalid value for --lineno/-L; must be in range 1-65535
$ cdecl -LX
cdecl: "X": invalid value for --lineno/-L; must be in range 1-65535
$ cdecl --help X
usage: cdecl [options] [command...]
options:
  --alt-tokens        (-a) Print alternative tokens.
  --color=ARG         (-k) Colorize output [default: not_file].
  --commands          (-K) Print commands (for shell completion).
  --config=ARG        (-c) Configuration file path [default: ~/.cdeclrc].
  --debug[=ARG]       (-d) Print cdecl debug output.
  --digraphs          (-2) Print digraphs.
  --east-const        (-e) Print in "east const" form.
  --echo-commands     (-E) Echo commands given before corresponding output.
  --explicit-ecsu=ARG (-S) Print "class", "struct", "union" explicitly.
  --explicit-int=ARG  (-i) Print "int" explicitly.
  --file=ARG          (-f) Read from file [default: stdin].
  --help              (-h) Print this help and exit.
  --infer-command     (-I) Try to infer command when none is given.
  --language=ARG      (-x) Use language.
  --lineno=ARG        (-L) Add to all line numbers in messages.
  --no-buffer-stdout  (-b) Set stdout to unbuffered.
  --no-config         (-C) Suppress reading configuration file.
  --no-english-types  (-T) Print types in C/C++, not English.
  --no-prompt         (-P) Suppress printing prompts.
  --no-semicolon      (-s) Suppress printing final semicolon for declarations.
  --no-typedefs       (-t) Suppress predefining standard types.
  --no-using          (-u) Declare types with typedef, not using, in C++.
  --options           (-O) Print command-line options (for shell completion).
  --output=ARG        (-o) Write to file [default: stdout].
  --permissive-types  (-p) Permit other language keywords as types.
  --trailing-return   (-r) Print trailing return type in C++.
  --trigraphs         (-3) Print trigraphs.
  --version           (-v) Print version and exit.
  --west-decl=ARG     (-w) Print *, &, and && next to type.

cdecl home page: https://github.com/paul-j-lucas/cdecl
Report bugs to: https://github.com/paul-j-lucas/cdecl/issues
$ cdecl -h X
usage: cdecl [options] [command...]
options:
  --alt-tokens        (-a) Print alternative tokens.
  --color=ARG         (-k) Colorize output [default: not_file].
  --commands          (-K) Print commands (for shell completion).
  --config=ARG        (-c) Configuration file path [default: ~/.cdeclrc].
  --debug[=ARG]       (-d) Print cdecl debug output.
  --digraphs          (-2) Print digraphs.
  --east-const        (-e) Print in "east const" form.
  --echo-commands     (-E) Echo commands given before corresponding output.
  --explicit-ecsu=ARG (-S) Print "class", "struct", "union" explicitly.
  --explicit-int=ARG  (-i) Print "int" explicitly.
  --file=ARG          (-f) Read from file [default: stdin].
  --help              (-h) Print this help and exit.
  --infer-command     (-I) Try to infer command when none is given.
  --language=ARG      (-x) Use language.
  --lineno=ARG        (-L) Add to all line numbers in messages.
  --no-buffer-stdout  (-b) Set stdout to unbuffered.
  --no-config         (-C) Suppress reading configuration file.
  --no-english-types  (-T) Print types in C/C++, not English.
  --no-prompt         (-P) Suppress printing prompts.
  --no-semicolon      (-s) Suppress printing final semicolon for declarations.
  --no-typedefs       (-t) Suppress predefining standard types.
  --no-using          (-u) Declare types with typedef, not using, in C++.
  --options           (-O) Print command-line options (for shell completion).
  --output=ARG        (-o) Write to file [default: stdout].
  --permissive-types  (-p) Permit other language keywords as types.
  --trailing-return   (-r) Print trailing return type in C++.
  --trigraphs         (-3) Print trigraphs.
  --version           (-v) Print version and exit.
  --west-decl=ARG     (-w) Print *, &, and && next to type.

cdecl home page: https://github.com/paul-j-lucas/cdecl
Report bugs to: https://github.com/paul-j-lucas/cdecl/issues
$ cdecl --help=X
cdecl: "help=X": invalid option; use --help or -h for help
$ cdecl -hX
cdecl: 'X': invalid option; use --help or -h for help
$ cdecl --help --version
cdecl: --help/-h can be given only by itself
$ cdecl -hv
cdecl: --help/-h can be given only by itself
$ cdecl --lang
cdecl: "--language/-x" requires an argument
$ cdecl -X
cdecl: 'X': invalid option; use --help or -h for help
$ cdecl --lang=X
cdecl: "X": invalid value for --language/-x; must be C, K&RC, C89, C95, C99, C11, C17, C23, C++, C++98, C++03, C++11, C++14, C++17, C++20, C++23, C++26
$ cdecl -xX
cdecl: "X": invalid value for --language/-x; must be C, K&RC, C89, C95, C99, C11, C17, C23, C++, C++98, C++03, C++11, C++14, C++17, C++20, C++23, C++26
$ cdecl --output
cdecl: "--output/-o" requires an argument
$ cdecl --output=
cdecl: "--output/-o" requires an argument
$ cdecl -xo
cdecl: "o": invalid value for --language/-x; must be C, K&RC, C89, C95, C99, C11, C17, C23, C++, C++98, C++03, C++11, C++14, C++17, C++20, C++23, C++26
$ cdecl --west-decl
cdecl: "--west-decl/-w" requires an argument
$ cdecl -w
cdecl: "--west-decl/-w" requires an argument
$ cdecl --west-decl=X
cdecl: "X": invalid value for --west-decl/-w; must be [bflost]+|*|-
$ cdecl -wX
cdecl: "X": invalid value for --west-decl/-w; must be [bflost]+|*|-
$ cdecl --version X
usage: cdecl [options] [command...]
options:
  --alt-tokens        (-a) Print alternative tokens.
  --color=ARG         (-k) Colorize output [default: not_file].
  --commands          (-K) Print commands (for shell completion).
  --config=ARG        (-c) Configuration file path [default: ~/.cdeclrc].
  --debug[=ARG]       (-d) Print cdecl debug output.
  --digraphs          (-2) Print digraphs.
  --east-const        (-e) Print in "east const" form.
  --echo-commands     (-E) Echo commands given before corresponding output.
  --explicit-ecsu=ARG (-S) Print "class", "struct", "union" explicitly.
  --explicit-int=ARG  (-i) Print "int" explicitly.
  --file=ARG          (-f) Read from file [default: stdin].
  --help              (-h) Print this help and exit.
  --infer-command     (-I) Try to infer command when none is given.
  --language=ARG      (-x) Use language.
  --lineno=ARG        (-L) Add to all line numbers in messages.
  --no-buffer-stdout  (-b) Set stdout to unbuffered.
  --no-config         (-C) Suppress reading configuration file.
  --no-english-types  (-T) Print types in C/C++, not English.
  --no-prompt         (-P) Suppress printing prompts.
  --no-semicolon      (-s) Suppress printing final semicolon for declarations.
  --no-typedefs       (-t) Suppress predefining standard types.
  --no-using          (-u) Declare types with typedef, not using, in C++.
  --options           (-O) Print command-line options (for shell completion).
  --output=ARG        (-o) Write to file [default: stdout].
  --permissive-types  (-p) Permit other language keywords as types.
  --trailing-return   (-r) Print trailing return type in C++.
  --trigraphs         (-3) Print trigraphs.
  --version           (-v) Print version and exit.
  --west-decl=ARG     (-w) Print *, &, and && next to type.

cdecl home page: https://github.com/paul-j-lucas/cdecl
Report bugs to: https://github.com/paul-j-lucas/cdecl/issues
$ cdecl -v X
usage: cdecl [options] [command...]
options:
  --alt-tokens        (-a) Print alternative tokens.
  --color=ARG         (-k) Colorize output [default: not_file].
  --commands          (-K) Print commands (for shell completion).
  --config=ARG        (-c) Configuration file path [default: ~/.cdeclrc].
  --debug[=ARG]       (-d) Print cdecl debug output.
  --digraphs          (-2) Print digraphs.
  --east-const        (-e) Print in "east const" form.
  --echo-commands     (-E) Echo commands given before corresponding output.
  --explicit-ecsu=ARG (-S) Print "class", "struct", "union" explicitly.
  --explicit-int=ARG  (-i) Print "int" explicitly.
  --file=ARG          (-f) Read from file [default: stdin].
  --help              (-h) Print this help and exit.
  --infer-command     (-I) Try to infer command when none is given.
  --language=ARG      (-x) Use language.
  --lineno=ARG        (-L) Add to all line numbers in messages.
  --no-buffer-stdout  (-b) Set stdout to unbuffered.
  --no-config         (-C) Suppress reading configuration file.
  --no-english-types  (-T) Print types in C/C++, not English.
  --no-prompt         (-P) Suppress printing prompts.
  --no-semicolon      (-s) Suppress printing final semicolon for declarations.
  --no-typedefs       (-t) Suppress predefining standard types.
  --no-using          (-u) Declare types with typedef, not using, in C++.
  --options           (-O) Print command-line options (for shell completion).
  --output=ARG        (-o) Write to file [default: stdout].
  --permissive-types  (-p) Permit other language keywords as types.
  --trailing-return   (-r) Print trailing return type in C++.
  --trigraphs         (-3) Print trigraphs.
  --version           (-v) Print version and exit.
  --west-decl=ARG     (-w) Print *, &, and && next to type.

cdecl home page: https://github.com/paul-j-lucas/cdecl
Report bugs to: https://github.com/paul-j-lucas/cdecl/issues
$ cdecl --version=X
cdecl: "version=X": invalid option; did you mean "version"?
$ cdecl -vX
cdecl: 'X': invalid option; use --help or -h for help
